#-----------------------------------------------------------
# Vivado v2017.4 (64-bit)
# SW Build 2086221 on Fri Dec 15 20:55:39 MST 2017
# IP Build 2085800 on Fri Dec 15 22:25:07 MST 2017
# Start of session at: Mon Aug 15 14:46:42 2022
# Process ID: 23512
# Current directory: C:/Users/loser/Desktop/gth_phase_2G_DDR_TEST
# Command line: vivado.exe -gui_launcher_event rodinguilauncherevent12996 C:\Users\loser\Desktop\gth_phase_2G_DDR_TEST\GTH_ex.xpr
# Log file: C:/Users/loser/Desktop/gth_phase_2G_DDR_TEST/vivado.log
# Journal file: C:/Users/loser/Desktop/gth_phase_2G_DDR_TEST\vivado.jou
#-----------------------------------------------------------
start_gui
open_project C:/Users/loser/Desktop/gth_phase_2G_DDR_TEST/GTH_ex.xpr
update_compile_order -fileset sources_1
export_ip_user_files -of_objects  [get_files C:/Users/loser/Desktop/gth_phase_2G_DDR_TEST/GTH_ex.srcs/sources_1/ip/ila_1/ila_1.xci] -no_script -reset -force -quiet
remove_files  -fileset ila_1 C:/Users/loser/Desktop/gth_phase_2G_DDR_TEST/GTH_ex.srcs/sources_1/ip/ila_1/ila_1.xci
export_ip_user_files -of_objects  [get_files C:/Users/loser/Desktop/gth_phase_2G_DDR_TEST/GTH_ex.srcs/sources_1/ip/ila_2/ila_2.xci] -no_script -reset -force -quiet
remove_files  -fileset ila_2 C:/Users/loser/Desktop/gth_phase_2G_DDR_TEST/GTH_ex.srcs/sources_1/ip/ila_2/ila_2.xci
reset_run synth_1
launch_runs impl_1 -to_step write_bitstream -jobs 8
wait_on_run impl_1
open_hw
connect_hw_server
open_hw_target
set_property PROGRAM.FILE {C:/Users/loser/Desktop/gth_phase_2G_DDR_TEST/GTH_ex.runs/impl_1/GTH_exdes.bit} [get_hw_devices xc7vx690t_0]
set_property PROBES.FILE {C:/Users/loser/Desktop/gth_phase_2G_DDR_TEST/GTH_ex.runs/impl_1/GTH_exdes.ltx} [get_hw_devices xc7vx690t_0]
set_property FULL_PROBES.FILE {C:/Users/loser/Desktop/gth_phase_2G_DDR_TEST/GTH_ex.runs/impl_1/GTH_exdes.ltx} [get_hw_devices xc7vx690t_0]
current_hw_device [get_hw_devices xc7vx690t_0]
refresh_hw_device [lindex [get_hw_devices xc7vx690t_0] 0]
set_property PROBES.FILE {C:/Users/loser/Desktop/gth_phase_2G_DDR_TEST/GTH_ex.runs/impl_1/GTH_exdes.ltx} [get_hw_devices xc7vx690t_0]
set_property FULL_PROBES.FILE {C:/Users/loser/Desktop/gth_phase_2G_DDR_TEST/GTH_ex.runs/impl_1/GTH_exdes.ltx} [get_hw_devices xc7vx690t_0]
set_property PROGRAM.FILE {C:/Users/loser/Desktop/gth_phase_2G_DDR_TEST/GTH_ex.runs/impl_1/GTH_exdes.bit} [get_hw_devices xc7vx690t_0]
program_hw_devices [get_hw_devices xc7vx690t_0]
refresh_hw_device [lindex [get_hw_devices xc7vx690t_0] 0]
display_hw_ila_data [ get_hw_ila_data hw_ila_data_1 -of_objects [get_hw_ilas -of_objects [get_hw_devices xc7vx690t_0] -filter {CELL_NAME=~"ILA0"}]]
display_hw_ila_data [ get_hw_ila_data hw_ila_data_2 -of_objects [get_hw_ilas -of_objects [get_hw_devices xc7vx690t_0] -filter {CELL_NAME=~"TT3/data_buff1/buff"}]]
display_hw_ila_data [ get_hw_ila_data hw_ila_data_3 -of_objects [get_hw_ilas -of_objects [get_hw_devices xc7vx690t_0] -filter {CELL_NAME=~"TT3/u_Output_wave/ddr3_out1"}]]
display_hw_ila_data [ get_hw_ila_data hw_ila_data_4 -of_objects [get_hw_ilas -of_objects [get_hw_devices xc7vx690t_0] -filter {CELL_NAME=~"TT3/u_ddr3_rw/wave_data1"}]]
display_hw_ila_data [ get_hw_ila_data hw_ila_data_5 -of_objects [get_hw_ilas -of_objects [get_hw_devices xc7vx690t_0] -filter {CELL_NAME=~"ila3"}]]
add_wave -into {hw_ila_data_5.wcfg} -radix dec { {ddr3_data_in} }
add_wave -into {hw_ila_data_5.wcfg} -radix hex { {ddr3_data_in_en} {init_calib_complete} }
run_hw_ila [get_hw_ilas -of_objects [get_hw_devices xc7vx690t_0] -filter {CELL_NAME=~"ila3"}]
wait_on_hw_ila [get_hw_ilas -of_objects [get_hw_devices xc7vx690t_0] -filter {CELL_NAME=~"ila3"}]
display_hw_ila_data [upload_hw_ila_data [get_hw_ilas -of_objects [get_hw_devices xc7vx690t_0] -filter {CELL_NAME=~"ila3"}]]
add_wave -into {hw_ila_data_4.wcfg} -radix hex { {TT3/u_ddr3_rw/app_addr} {TT3/u_ddr3_rw/app_cmd} {TT3/u_ddr3_rw/wave_data} {TT3/u_ddr3_rw/wr_proc} }
add_wave -into {hw_ila_data_3.wcfg} -radix dec { {TT3/u_Output_wave/wave_out} }
add_wave -into {hw_ila_data_3.wcfg} -radix hex { {TT3/u_Output_wave/ila_ddr_out} {TT3/u_Output_wave/vaild} }
add_wave -into {hw_ila_data_2.wcfg} -radix hex { {TT3/data_buff1/buff_flag} {TT3/data_buff1/data_in} {TT3/data_buff1/tmp_out} }
add_wave -into {hw_ila_data_2.wcfg} -radix unsigned { {TT3/data_buff1/cnt} }
run_hw_ila [get_hw_ilas -of_objects [get_hw_devices xc7vx690t_0] -filter {CELL_NAME=~"ILA0"}]
wait_on_hw_ila [get_hw_ilas -of_objects [get_hw_devices xc7vx690t_0] -filter {CELL_NAME=~"ILA0"}]
display_hw_ila_data [upload_hw_ila_data [get_hw_ilas -of_objects [get_hw_devices xc7vx690t_0] -filter {CELL_NAME=~"ILA0"}]]
run_hw_ila [get_hw_ilas -of_objects [get_hw_devices xc7vx690t_0] -filter {CELL_NAME=~"ILA0"}]
wait_on_hw_ila [get_hw_ilas -of_objects [get_hw_devices xc7vx690t_0] -filter {CELL_NAME=~"ILA0"}]
display_hw_ila_data [upload_hw_ila_data [get_hw_ilas -of_objects [get_hw_devices xc7vx690t_0] -filter {CELL_NAME=~"ILA0"}]]
run_hw_ila [get_hw_ilas -of_objects [get_hw_devices xc7vx690t_0] -filter {CELL_NAME=~"TT3/data_buff1/buff"}]
wait_on_hw_ila [get_hw_ilas -of_objects [get_hw_devices xc7vx690t_0] -filter {CELL_NAME=~"TT3/data_buff1/buff"}]
display_hw_ila_data [upload_hw_ila_data [get_hw_ilas -of_objects [get_hw_devices xc7vx690t_0] -filter {CELL_NAME=~"TT3/data_buff1/buff"}]]
run_hw_ila [get_hw_ilas -of_objects [get_hw_devices xc7vx690t_0] -filter {CELL_NAME=~"ILA0"}]
wait_on_hw_ila [get_hw_ilas -of_objects [get_hw_devices xc7vx690t_0] -filter {CELL_NAME=~"ILA0"}]
display_hw_ila_data [upload_hw_ila_data [get_hw_ilas -of_objects [get_hw_devices xc7vx690t_0] -filter {CELL_NAME=~"ILA0"}]]
run_hw_ila [get_hw_ilas -of_objects [get_hw_devices xc7vx690t_0] -filter {CELL_NAME=~"ILA0"}]
wait_on_hw_ila [get_hw_ilas -of_objects [get_hw_devices xc7vx690t_0] -filter {CELL_NAME=~"ILA0"}]
display_hw_ila_data [upload_hw_ila_data [get_hw_ilas -of_objects [get_hw_devices xc7vx690t_0] -filter {CELL_NAME=~"ILA0"}]]
run_hw_ila [get_hw_ilas -of_objects [get_hw_devices xc7vx690t_0] -filter {CELL_NAME=~"ILA0"}]
wait_on_hw_ila [get_hw_ilas -of_objects [get_hw_devices xc7vx690t_0] -filter {CELL_NAME=~"ILA0"}]
display_hw_ila_data [upload_hw_ila_data [get_hw_ilas -of_objects [get_hw_devices xc7vx690t_0] -filter {CELL_NAME=~"ILA0"}]]
run_hw_ila [get_hw_ilas -of_objects [get_hw_devices xc7vx690t_0] -filter {CELL_NAME=~"ILA0"}]
wait_on_hw_ila [get_hw_ilas -of_objects [get_hw_devices xc7vx690t_0] -filter {CELL_NAME=~"ILA0"}]
display_hw_ila_data [upload_hw_ila_data [get_hw_ilas -of_objects [get_hw_devices xc7vx690t_0] -filter {CELL_NAME=~"ILA0"}]]
run_hw_ila [get_hw_ilas -of_objects [get_hw_devices xc7vx690t_0] -filter {CELL_NAME=~"ILA0"}]
wait_on_hw_ila [get_hw_ilas -of_objects [get_hw_devices xc7vx690t_0] -filter {CELL_NAME=~"ILA0"}]
display_hw_ila_data [upload_hw_ila_data [get_hw_ilas -of_objects [get_hw_devices xc7vx690t_0] -filter {CELL_NAME=~"ILA0"}]]
save_wave_config {C:/Users/loser/Desktop/gth_phase_2G_DDR_TEST/GTH_ex.hw/hw_1/wave/hw_ila_data_1/hw_ila_data_1.wcfg}
save_wave_config {C:/Users/loser/Desktop/gth_phase_2G_DDR_TEST/GTH_ex.hw/hw_1/wave/hw_ila_data_2/hw_ila_data_2.wcfg}
save_wave_config {C:/Users/loser/Desktop/gth_phase_2G_DDR_TEST/GTH_ex.hw/hw_1/wave/hw_ila_data_3/hw_ila_data_3.wcfg}
save_wave_config {C:/Users/loser/Desktop/gth_phase_2G_DDR_TEST/GTH_ex.hw/hw_1/wave/hw_ila_data_4/hw_ila_data_4.wcfg}
save_wave_config {C:/Users/loser/Desktop/gth_phase_2G_DDR_TEST/GTH_ex.hw/hw_1/wave/hw_ila_data_5/hw_ila_data_5.wcfg}
close_hw
